[www.tongdai4gmangviettel.net/index.html]
[backblue.gif]
[fade.gif]
[index.html]
[www.tongdai4gmangviettel.net/favicon.ico]
[www.tongdai4gmangviettel.net/feeds/posts/default]
[www.tongdai4gmangviettel.net/feeds/posts/default9522]
[4.bp.blogspot.com/-5_DbDySGEbs/WxoI01sE5AI/AAAAAAAALeM/bm5ASykgl8YEfloChqh4m2DDNkzTIoHDQCLcBGAs/s1600/ICON 2018 Viettheme.png]
[maxcdn.bootstrapcdn.com/bootstrap/3.3.5/css/bootstrap.min.css]
[use.fontawesome.com/releases/v5.4.0/css/all.css]
[cdnjs.cloudflare.com/ajax/libs/animate.css/3.5.2/animate.min.css]
[ajax.googleapis.com/ajax/libs/jquery/1.11.1/jquery.min.js]
[4.bp.blogspot.com/-FcYnABHtWDY/XWH6p7CCY4I/AAAAAAAANvo/YZMLFF9TltYCSSVMOlF76quVAUxq865nwCLcBGAs/s55/hottag.png]
[3.bp.blogspot.com/-SJ03s8dhm10/WyKWms7_pvI/AAAAAAAALnU/UJ-8kWQ5Hus8VGuYv0FQhyakqMKwLBWyACLcBGAs/s1600/no-image-icon-6.png]
[2.bp.blogspot.com/-B6ruqn1qc6M/XlEBw1biSNI/AAAAAAAAGzI/blmHn5h9eNcsfSPKv33LwA-izoDG0NGIwCLcBGAsYHQ/s1600/logo_1573203374.jpg]
[www.tongdai4gmangviettel.net/search/label/Mobifone.html]
[resources.blogblog.com/img/icon18_wrench_allbkg.png]
[3.bp.blogspot.com/-YeaHIc0AKaw/XlEthenv8KI/AAAAAAAAGzY/lGHpEfNXf24y2XKAEJCzc5s8hjWlqEIvACLcBGAsYHQ/s1600/product_1573211922.png]
[s7.addthis.com/js/300/addthis_widget.js]
[www.blogger.com/static/v1/widgets/1783702637-widgets.js]
[www.tongdai4gmangviettel.net/index.html]
[www.blogger.com/img/widgets/stats-flipper.png]
[resources.blogblog.com/img/widgets/s_top.png]
[www.blogger.com/static/v1/widgets/14020288-widget_css_bundle.css]
[maxcdn.bootstrapcdn.com/bootstrap/3.3.5/css/bootstrap.min.css]
[use.fontawesome.com/releases/v5.4.0/css/all.css]
[cdnjs.cloudflare.com/ajax/libs/animate.css/3.5.2/animate.min.css]
[draft.blogger.com/dyn-css/authorization7263.css]
[www.tongdai4gmangviettel.net/search/label/Mobifone.html]
[www.blogger.com/dyn-css/authorization7263.css]
[connect.facebook.net/vi_VN/sdk.js]
